2025-06-12 05:07:08 | INFO     | vit_no_FI_base_run_fft_experiment_log: Logger initialised (console levels: INFO, WARNING, ERROR)
2025-06-12 05:07:08 | INFO     | vit_no_FI_base_run_fft_experiment_log: *************************** Dataset : ['flower'] *****************************
2025-06-12 05:09:32 | INFO     | vit_no_FI_base_run_fft_experiment_log: [vit - flower ]  Epoch 1   | Train loss: 3.8558  acc: 27.00% | Val loss: 3.1537  acc: 27.65%
2025-06-12 05:11:27 | INFO     | vit_no_FI_base_run_fft_experiment_log: [vit - flower ]  Epoch 2   | Train loss: 2.3051  acc: 70.06% | Val loss: 2.1336  acc: 57.94%
2025-06-12 05:13:22 | INFO     | vit_no_FI_base_run_fft_experiment_log: [vit - flower ]  Epoch 3   | Train loss: 1.2767  acc: 90.55% | Val loss: 1.3746  acc: 72.94%
2025-06-12 05:15:17 | INFO     | vit_no_FI_base_run_fft_experiment_log: [vit - flower ]  Epoch 4   | Train loss: 0.7030  acc: 96.80% | Val loss: 0.9066  acc: 79.61%
2025-06-12 05:17:12 | INFO     | vit_no_FI_base_run_fft_experiment_log: [vit - flower ]  Epoch 5   | Train loss: 0.4048  acc: 99.14% | Val loss: 0.6287  acc: 83.92%
2025-06-12 05:17:13 | INFO     | vit_no_FI_base_run_fft_experiment_log: [Checkpoint] saved  → /home/cc/DLFI/checkpoints/vit_flower_fft_flipped_no_FI_fft.bin after epoch 5
2025-06-12 05:19:08 | INFO     | vit_no_FI_base_run_fft_experiment_log: [vit - flower ]  Epoch 6   | Train loss: 0.2494  acc: 99.71% | Val loss: 0.4634  acc: 85.00%
2025-06-12 05:21:03 | INFO     | vit_no_FI_base_run_fft_experiment_log: [vit - flower ]  Epoch 7   | Train loss: 0.1654  acc: 99.84% | Val loss: 0.3688  acc: 85.29%
2025-06-12 05:22:58 | INFO     | vit_no_FI_base_run_fft_experiment_log: [vit - flower ]  Epoch 8   | Train loss: 0.1182  acc: 99.85% | Val loss: 0.3092  acc: 85.39%
2025-06-12 05:24:53 | INFO     | vit_no_FI_base_run_fft_experiment_log: [vit - flower ]  Epoch 9   | Train loss: 0.0887  acc: 99.85% | Val loss: 0.2678  acc: 85.69%
2025-06-12 05:26:47 | INFO     | vit_no_FI_base_run_fft_experiment_log: [vit - flower ]  Epoch 10  | Train loss: 0.0696  acc: 99.87% | Val loss: 0.2389  acc: 85.88%
2025-06-12 05:26:57 | INFO     | vit_no_FI_base_run_fft_experiment_log: [Checkpoint] saved  → /home/cc/DLFI/checkpoints/vit_flower_fft_flipped_no_FI_fft.bin after epoch 10
2025-06-12 05:28:52 | INFO     | vit_no_FI_base_run_fft_experiment_log: [vit - flower ]  Epoch 11  | Train loss: 0.0563  acc: 99.89% | Val loss: 0.2173  acc: 85.88%
2025-06-12 05:30:46 | INFO     | vit_no_FI_base_run_fft_experiment_log: [vit - flower ]  Epoch 12  | Train loss: 0.0468  acc: 99.90% | Val loss: 0.1996  acc: 85.88%
2025-06-12 05:32:41 | INFO     | vit_no_FI_base_run_fft_experiment_log: [vit - flower ]  Epoch 13  | Train loss: 0.0397  acc: 99.90% | Val loss: 0.1862  acc: 85.98%
2025-06-12 05:34:36 | INFO     | vit_no_FI_base_run_fft_experiment_log: [vit - flower ]  Epoch 14  | Train loss: 0.0342  acc: 99.90% | Val loss: 0.1743  acc: 85.88%
2025-06-12 05:36:31 | INFO     | vit_no_FI_base_run_fft_experiment_log: [vit - flower ]  Epoch 15  | Train loss: 0.0300  acc: 99.90% | Val loss: 0.1649  acc: 85.88%
2025-06-12 05:36:40 | INFO     | vit_no_FI_base_run_fft_experiment_log: [Checkpoint] saved  → /home/cc/DLFI/checkpoints/vit_flower_fft_flipped_no_FI_fft.bin after epoch 15
2025-06-12 05:38:35 | INFO     | vit_no_FI_base_run_fft_experiment_log: [vit - flower ]  Epoch 16  | Train loss: 0.0266  acc: 99.89% | Val loss: 0.1569  acc: 85.88%
2025-06-12 05:40:30 | INFO     | vit_no_FI_base_run_fft_experiment_log: [vit - flower ]  Epoch 17  | Train loss: 0.0237  acc: 99.90% | Val loss: 0.1503  acc: 85.98%
2025-06-12 05:42:25 | INFO     | vit_no_FI_base_run_fft_experiment_log: [vit - flower ]  Epoch 18  | Train loss: 0.0215  acc: 99.89% | Val loss: 0.1441  acc: 85.98%
2025-06-12 05:44:20 | INFO     | vit_no_FI_base_run_fft_experiment_log: [vit - flower ]  Epoch 19  | Train loss: 0.0194  acc: 99.90% | Val loss: 0.1387  acc: 85.98%
2025-06-12 05:46:15 | INFO     | vit_no_FI_base_run_fft_experiment_log: [vit - flower ]  Epoch 20  | Train loss: 0.0177  acc: 99.89% | Val loss: 0.1337  acc: 85.98%
2025-06-12 05:46:24 | INFO     | vit_no_FI_base_run_fft_experiment_log: [Checkpoint] saved  → /home/cc/DLFI/checkpoints/vit_flower_fft_flipped_no_FI_fft.bin after epoch 20
2025-06-12 05:48:19 | INFO     | vit_no_FI_base_run_fft_experiment_log: [vit - flower ]  Epoch 21  | Train loss: 0.0162  acc: 99.89% | Val loss: 0.1299  acc: 85.98%
2025-06-12 05:50:14 | INFO     | vit_no_FI_base_run_fft_experiment_log: [vit - flower ]  Epoch 22  | Train loss: 0.0148  acc: 99.90% | Val loss: 0.1259  acc: 85.98%
2025-06-12 05:52:09 | INFO     | vit_no_FI_base_run_fft_experiment_log: [vit - flower ]  Epoch 23  | Train loss: 0.0138  acc: 99.90% | Val loss: 0.1223  acc: 85.98%
2025-06-12 05:54:04 | INFO     | vit_no_FI_base_run_fft_experiment_log: [vit - flower ]  Epoch 24  | Train loss: 0.0128  acc: 99.90% | Val loss: 0.1196  acc: 85.98%
2025-06-12 05:55:59 | INFO     | vit_no_FI_base_run_fft_experiment_log: [vit - flower ]  Epoch 25  | Train loss: 0.0120  acc: 99.90% | Val loss: 0.1163  acc: 85.98%
2025-06-12 05:56:08 | INFO     | vit_no_FI_base_run_fft_experiment_log: [Checkpoint] saved  → /home/cc/DLFI/checkpoints/vit_flower_fft_flipped_no_FI_fft.bin after epoch 25
2025-06-12 05:58:03 | INFO     | vit_no_FI_base_run_fft_experiment_log: [vit - flower ]  Epoch 26  | Train loss: 0.0110  acc: 99.92% | Val loss: 0.1138  acc: 85.98%
2025-06-12 05:59:58 | INFO     | vit_no_FI_base_run_fft_experiment_log: [vit - flower ]  Epoch 27  | Train loss: 0.0103  acc: 99.92% | Val loss: 0.1112  acc: 85.98%
2025-06-12 06:01:53 | INFO     | vit_no_FI_base_run_fft_experiment_log: [vit - flower ]  Epoch 28  | Train loss: 0.0098  acc: 99.90% | Val loss: 0.1094  acc: 85.98%
2025-06-12 06:03:48 | INFO     | vit_no_FI_base_run_fft_experiment_log: [vit - flower ]  Epoch 29  | Train loss: 0.0095  acc: 99.89% | Val loss: 0.1068  acc: 85.98%
2025-06-12 06:05:43 | INFO     | vit_no_FI_base_run_fft_experiment_log: [vit - flower ]  Epoch 30  | Train loss: 0.0087  acc: 99.90% | Val loss: 0.1048  acc: 85.98%
2025-06-12 06:05:52 | INFO     | vit_no_FI_base_run_fft_experiment_log: [Checkpoint] saved  → /home/cc/DLFI/checkpoints/vit_flower_fft_flipped_no_FI_fft.bin after epoch 30
2025-06-12 06:07:47 | INFO     | vit_no_FI_base_run_fft_experiment_log: [vit - flower ]  Epoch 31  | Train loss: 0.0084  acc: 99.90% | Val loss: 0.1028  acc: 85.88%
2025-06-12 06:09:42 | INFO     | vit_no_FI_base_run_fft_experiment_log: [vit - flower ]  Epoch 32  | Train loss: 0.0080  acc: 99.90% | Val loss: 0.1016  acc: 85.98%
2025-06-12 06:11:37 | INFO     | vit_no_FI_base_run_fft_experiment_log: [vit - flower ]  Epoch 33  | Train loss: 0.0075  acc: 99.90% | Val loss: 0.0999  acc: 86.08%
2025-06-12 06:13:32 | INFO     | vit_no_FI_base_run_fft_experiment_log: [vit - flower ]  Epoch 34  | Train loss: 0.0071  acc: 99.90% | Val loss: 0.0985  acc: 85.88%
2025-06-12 06:15:27 | INFO     | vit_no_FI_base_run_fft_experiment_log: [vit - flower ]  Epoch 35  | Train loss: 0.0066  acc: 99.92% | Val loss: 0.0970  acc: 86.08%
2025-06-12 06:15:36 | INFO     | vit_no_FI_base_run_fft_experiment_log: [Checkpoint] saved  → /home/cc/DLFI/checkpoints/vit_flower_fft_flipped_no_FI_fft.bin after epoch 35
2025-06-12 06:17:31 | INFO     | vit_no_FI_base_run_fft_experiment_log: [vit - flower ]  Epoch 36  | Train loss: 0.0063  acc: 99.90% | Val loss: 0.0962  acc: 85.88%
2025-06-12 06:19:26 | INFO     | vit_no_FI_base_run_fft_experiment_log: [vit - flower ]  Epoch 37  | Train loss: 0.0062  acc: 99.90% | Val loss: 0.0940  acc: 85.88%
2025-06-12 06:21:21 | INFO     | vit_no_FI_base_run_fft_experiment_log: [vit - flower ]  Epoch 38  | Train loss: 0.0059  acc: 99.90% | Val loss: 0.0935  acc: 85.98%
2025-06-12 06:23:16 | INFO     | vit_no_FI_base_run_fft_experiment_log: [vit - flower ]  Epoch 39  | Train loss: 0.0055  acc: 99.92% | Val loss: 0.0924  acc: 85.98%
2025-06-12 06:25:11 | INFO     | vit_no_FI_base_run_fft_experiment_log: [vit - flower ]  Epoch 40  | Train loss: 0.0052  acc: 99.92% | Val loss: 0.0911  acc: 85.98%
2025-06-12 06:25:21 | INFO     | vit_no_FI_base_run_fft_experiment_log: [Checkpoint] saved  → /home/cc/DLFI/checkpoints/vit_flower_fft_flipped_no_FI_fft.bin after epoch 40
2025-06-12 06:27:16 | INFO     | vit_no_FI_base_run_fft_experiment_log: [vit - flower ]  Epoch 41  | Train loss: 0.0050  acc: 99.92% | Val loss: 0.0906  acc: 85.98%
2025-06-12 06:29:11 | INFO     | vit_no_FI_base_run_fft_experiment_log: [vit - flower ]  Epoch 42  | Train loss: 0.0048  acc: 99.92% | Val loss: 0.0892  acc: 85.98%
2025-06-12 06:31:06 | INFO     | vit_no_FI_base_run_fft_experiment_log: [vit - flower ]  Epoch 43  | Train loss: 0.0047  acc: 99.90% | Val loss: 0.0893  acc: 86.08%
2025-06-12 06:33:01 | INFO     | vit_no_FI_base_run_fft_experiment_log: [vit - flower ]  Epoch 44  | Train loss: 0.0046  acc: 99.90% | Val loss: 0.0875  acc: 86.18%
2025-06-12 06:34:56 | INFO     | vit_no_FI_base_run_fft_experiment_log: [vit - flower ]  Epoch 45  | Train loss: 0.0050  acc: 99.89% | Val loss: 0.0873  acc: 86.08%
2025-06-12 06:35:05 | INFO     | vit_no_FI_base_run_fft_experiment_log: [Checkpoint] saved  → /home/cc/DLFI/checkpoints/vit_flower_fft_flipped_no_FI_fft.bin after epoch 45
2025-06-12 06:37:00 | INFO     | vit_no_FI_base_run_fft_experiment_log: [vit - flower ]  Epoch 46  | Train loss: 0.0045  acc: 99.90% | Val loss: 0.0854  acc: 86.08%
2025-06-12 06:38:55 | INFO     | vit_no_FI_base_run_fft_experiment_log: [vit - flower ]  Epoch 47  | Train loss: 0.0045  acc: 99.89% | Val loss: 0.0843  acc: 85.98%
2025-06-12 06:40:50 | INFO     | vit_no_FI_base_run_fft_experiment_log: [vit - flower ]  Epoch 48  | Train loss: 0.0040  acc: 99.89% | Val loss: 0.0845  acc: 86.08%
2025-06-12 06:42:45 | INFO     | vit_no_FI_base_run_fft_experiment_log: [vit - flower ]  Epoch 49  | Train loss: 0.0039  acc: 99.90% | Val loss: 0.0840  acc: 86.08%
2025-06-12 06:44:40 | INFO     | vit_no_FI_base_run_fft_experiment_log: [vit - flower ]  Epoch 50  | Train loss: 0.0038  acc: 99.90% | Val loss: 0.0830  acc: 86.08%
2025-06-12 06:44:50 | INFO     | vit_no_FI_base_run_fft_experiment_log: [Checkpoint] saved  → /home/cc/DLFI/checkpoints/vit_flower_fft_flipped_no_FI_fft.bin after epoch 50
2025-06-12 06:44:56 | INFO     | vit_no_FI_base_run_fft_experiment_log: ################################ FInal Test Accuracy ################################
2025-06-12 06:44:56 | INFO     | vit_no_FI_base_run_fft_experiment_log: [vit - flower]  | Test loss: 0.0750 Test acc: 86.37%
